[2026-08-07T13:32:45.684Z] SQLite RUN ERROR:
SQL: ALTER TABLE prescriptions ADD COLUMN medicines TEXT
Params: []
Error: SQLITE_ERROR: duplicate column name: medicines
Error: SQLITE_ERROR: duplicate column name: medicines

[2026-08-07T13:32:45.696Z] SQLite RUN ERROR:
SQL: ALTER TABLE prescriptions ADD COLUMN raw_ocr_text TEXT
Params: []
Error: SQLITE_ERROR: duplicate column name: raw_ocr_text
Error: SQLITE_ERROR: duplicate column name: raw_ocr_text

[2026-08-07T13:32:45.697Z] SQLite RUN ERROR:
SQL: ALTER TABLE medical_profiles ADD COLUMN emergency_contacts TEXT
Params: []
Error: SQLITE_ERROR: duplicate column name: emergency_contacts
Error: SQLITE_ERROR: duplicate column name: emergency_contacts

[2026-08-07T13:33:18.880Z] SQLite RUN ERROR:
SQL: ALTER TABLE prescriptions ADD COLUMN medicines TEXT
Params: []
Error: SQLITE_ERROR: duplicate column name: medicines
Error: SQLITE_ERROR: duplicate column name: medicines

[2026-08-07T13:33:18.882Z] SQLite RUN ERROR:
SQL: ALTER TABLE prescriptions ADD COLUMN raw_ocr_text TEXT
Params: []
Error: SQLITE_ERROR: duplicate column name: raw_ocr_text
Error: SQLITE_ERROR: duplicate column name: raw_ocr_text

[2026-08-07T13:33:18.883Z] SQLite RUN ERROR:
SQL: ALTER TABLE medical_profiles ADD COLUMN emergency_contacts TEXT
Params: []
Error: SQLITE_ERROR: duplicate column name: emergency_contacts
Error: SQLITE_ERROR: duplicate column name: emergency_contacts

